dotnet : Specifying a project for 'dotnet test' should be via '--project'.
At line:1 char:1
+ dotnet test src\Editor\ArcNET.Editor.Tests\ArcNET.Editor.Tests.csproj ...
+ ~~~~~~~~~~~~~~~~~~~~~~~~~~~~~~~~~~~~~~~~~~~~~~~~~~~~~~~~~~~~~~~~~~~~~
    + CategoryInfo          : NotSpecified: (Specifying a pr...ia '--project'.:String) [], RemoteException
    + FullyQualifiedErrorId : NativeCommandError
 
